// Jest Snapshot v1, https://goo.gl/fbAQLP

exports[`<CardList /> renders CardList component 1`] = `
<div>
  <Card
    email="John@gmail.com"
    id={1}
    key="0"
    name="John Snow"
  />
</div>
`;
